Warning: You are sending unauthenticated requests to the HF Hub. Please set a HF_TOKEN to enable higher rate limits and faster downloads.

Loading weights:   0%|          | 0/199 [00:00<?, ?it/s]
Loading weights:   1%|          | 1/199 [00:00<00:00, 5562.74it/s, Materializing param=embeddings.LayerNorm.bias]
Loading weights:   1%|          | 1/199 [00:00<00:00, 4549.14it/s, Materializing param=embeddings.LayerNorm.bias]
Loading weights:   1%|          | 2/199 [00:00<00:00, 3356.79it/s, Materializing param=embeddings.LayerNorm.weight]
Loading weights:   1%|          | 2/199 [00:00<00:00, 3106.89it/s, Materializing param=embeddings.LayerNorm.weight]
Loading weights:   2%|▏         | 3/199 [00:00<00:00, 3760.58it/s, Materializing param=embeddings.position_embeddings.weight]
Loading weights:   2%|▏         | 3/199 [00:00<00:00, 3584.88it/s, Materializing param=embeddings.position_embeddings.weight]
Loading weights:   2%|▏         | 4/199 [00:00<00:00, 4065.23it/s, Materializing param=embeddings.token_type_embeddings.weight]
Loading weights:   2%|▏         | 4/199 [00:00<00:00, 3876.44it/s, Materializing param=embeddings.token_type_embeddings.weight]
Loading weights:   3%|▎         | 5/199 [00:00<00:00, 3679.86it/s, Materializing param=embeddings.word_embeddings.weight]      
Loading weights:   3%|▎         | 5/199 [00:00<00:00, 3587.33it/s, Materializing param=embeddings.word_embeddings.weight]
Loading weights:   3%|▎         | 6/199 [00:00<00:00, 3586.92it/s, Materializing param=encoder.layer.0.attention.output.LayerNorm.bias]
Loading weights:   3%|▎         | 6/199 [00:00<00:00, 3510.86it/s, Materializing param=encoder.layer.0.attention.output.LayerNorm.bias]
Loading weights:   4%|▎         | 7/199 [00:00<00:00, 3688.46it/s, Materializing param=encoder.layer.0.attention.output.LayerNorm.weight]
Loading weights:   4%|▎         | 7/199 [00:00<00:00, 3600.70it/s, Materializing param=encoder.layer.0.attention.output.LayerNorm.weight]
Loading weights:   4%|▍         | 8/199 [00:00<00:00, 3788.04it/s, Materializing param=encoder.layer.0.attention.output.dense.bias]      
Loading weights:   4%|▍         | 8/199 [00:00<00:00, 3745.33it/s, Materializing param=encoder.layer.0.attention.output.dense.bias]
Loading weights:   5%|▍         | 9/199 [00:00<00:00, 4012.83it/s, Materializing param=encoder.layer.0.attention.output.dense.weight]
Loading weights:   5%|▍         | 9/199 [00:00<00:00, 3970.21it/s, Materializing param=encoder.layer.0.attention.output.dense.weight]
Loading weights:   5%|▌         | 10/199 [00:00<00:00, 3897.33it/s, Materializing param=encoder.layer.0.attention.self.key.bias]     
Loading weights:   5%|▌         | 10/199 [00:00<00:00, 3861.09it/s, Materializing param=encoder.layer.0.attention.self.key.bias]
Loading weights:   6%|▌         | 11/199 [00:00<00:00, 3880.35it/s, Materializing param=encoder.layer.0.attention.self.key.weight]
Loading weights:   6%|▌         | 11/199 [00:00<00:00, 3843.82it/s, Materializing param=encoder.layer.0.attention.self.key.weight]
Loading weights:   6%|▌         | 12/199 [00:00<00:00, 4088.68it/s, Materializing param=encoder.layer.0.attention.self.query.bias]
Loading weights:   6%|▌         | 12/199 [00:00<00:00, 4058.35it/s, Materializing param=encoder.layer.0.attention.self.query.bias]
Loading weights:   7%|▋         | 13/199 [00:00<00:00, 4157.53it/s, Materializing param=encoder.layer.0.attention.self.query.weight]
Loading weights:   7%|▋         | 13/199 [00:00<00:00, 4120.76it/s, Materializing param=encoder.layer.0.attention.self.query.weight]
Loading weights:   7%|▋         | 14/199 [00:00<00:00, 4298.70it/s, Materializing param=encoder.layer.0.attention.self.value.bias]  
Loading weights:   7%|▋         | 14/199 [00:00<00:00, 4264.67it/s, Materializing param=encoder.layer.0.attention.self.value.bias]
Loading weights:   8%|▊         | 15/199 [00:00<00:00, 4405.47it/s, Materializing param=encoder.layer.0.attention.self.value.weight]
Loading weights:   8%|▊         | 15/199 [00:00<00:00, 4373.32it/s, Materializing param=encoder.layer.0.attention.self.value.weight]
Loading weights:   8%|▊         | 16/199 [00:00<00:00, 4550.99it/s, Materializing param=encoder.layer.0.intermediate.dense.bias]    
Loading weights:   8%|▊         | 16/199 [00:00<00:00, 4521.25it/s, Materializing param=encoder.layer.0.intermediate.dense.bias]
Loading weights:   9%|▊         | 17/199 [00:00<00:00, 4726.13it/s, Materializing param=encoder.layer.0.intermediate.dense.weight]
Loading weights:   9%|▊         | 17/199 [00:00<00:00, 4697.49it/s, Materializing param=encoder.layer.0.intermediate.dense.weight]
Loading weights:   9%|▉         | 18/199 [00:00<00:00, 4784.98it/s, Materializing param=encoder.layer.0.output.LayerNorm.bias]    
Loading weights:   9%|▉         | 18/199 [00:00<00:00, 4754.55it/s, Materializing param=encoder.layer.0.output.LayerNorm.bias]
Loading weights:  10%|▉         | 19/199 [00:00<00:00, 4935.09it/s, Materializing param=encoder.layer.0.output.LayerNorm.weight]
Loading weights:  10%|▉         | 19/199 [00:00<00:00, 4909.85it/s, Materializing param=encoder.layer.0.output.LayerNorm.weight]
Loading weights:  10%|█         | 20/199 [00:00<00:00, 4914.24it/s, Materializing param=encoder.layer.0.output.dense.bias]      
Loading weights:  10%|█         | 20/199 [00:00<00:00, 4885.33it/s, Materializing param=encoder.layer.0.output.dense.bias]
Loading weights:  11%|█         | 21/199 [00:00<00:00, 4674.93it/s, Materializing param=encoder.layer.0.output.dense.weight]
Loading weights:  11%|█         | 21/199 [00:00<00:00, 4653.20it/s, Materializing param=encoder.layer.0.output.dense.weight]
Loading weights:  11%|█         | 22/199 [00:00<00:00, 4634.59it/s, Materializing param=encoder.layer.1.attention.output.LayerNorm.bias]
Loading weights:  11%|█         | 22/199 [00:00<00:00, 4611.20it/s, Materializing param=encoder.layer.1.attention.output.LayerNorm.bias]
Loading weights:  12%|█▏        | 23/199 [00:00<00:00, 4724.93it/s, Materializing param=encoder.layer.1.attention.output.LayerNorm.weight]
Loading weights:  12%|█▏        | 23/199 [00:00<00:00, 4705.35it/s, Materializing param=encoder.layer.1.attention.output.LayerNorm.weight]
Loading weights:  12%|█▏        | 24/199 [00:00<00:00, 4858.27it/s, Materializing param=encoder.layer.1.attention.output.dense.bias]      
Loading weights:  12%|█▏        | 24/199 [00:00<00:00, 4838.88it/s, Materializing param=encoder.layer.1.attention.output.dense.bias]
Loading weights:  13%|█▎        | 25/199 [00:00<00:00, 4961.56it/s, Materializing param=encoder.layer.1.attention.output.dense.weight]
Loading weights:  13%|█▎        | 25/199 [00:00<00:00, 4942.62it/s, Materializing param=encoder.layer.1.attention.output.dense.weight]
Loading weights:  13%|█▎        | 26/199 [00:00<00:00, 5037.97it/s, Materializing param=encoder.layer.1.attention.self.key.bias]      
Loading weights:  13%|█▎        | 26/199 [00:00<00:00, 5016.42it/s, Materializing param=encoder.layer.1.attention.self.key.bias]
Loading weights:  14%|█▎        | 27/199 [00:00<00:00, 5139.15it/s, Materializing param=encoder.layer.1.attention.self.key.weight]
Loading weights:  14%|█▎        | 27/199 [00:00<00:00, 5114.77it/s, Materializing param=encoder.layer.1.attention.self.key.weight]
Loading weights:  14%|█▍        | 28/199 [00:00<00:00, 5226.78it/s, Materializing param=encoder.layer.1.attention.self.query.bias]
Loading weights:  14%|█▍        | 28/199 [00:00<00:00, 5203.62it/s, Materializing param=encoder.layer.1.attention.self.query.bias]
Loading weights:  15%|█▍        | 29/199 [00:00<00:00, 5319.23it/s, Materializing param=encoder.layer.1.attention.self.query.weight]
Loading weights:  15%|█▍        | 29/199 [00:00<00:00, 5293.99it/s, Materializing param=encoder.layer.1.attention.self.query.weight]
Loading weights:  15%|█▌        | 30/199 [00:00<00:00, 5206.65it/s, Materializing param=encoder.layer.1.attention.self.value.bias]  
Loading weights:  15%|█▌        | 30/199 [00:00<00:00, 5189.47it/s, Materializing param=encoder.layer.1.attention.self.value.bias]
Loading weights:  16%|█▌        | 31/199 [00:00<00:00, 5304.70it/s, Materializing param=encoder.layer.1.attention.self.value.weight]
Loading weights:  16%|█▌        | 31/199 [00:00<00:00, 5289.38it/s, Materializing param=encoder.layer.1.attention.self.value.weight]
Loading weights:  16%|█▌        | 32/199 [00:00<00:00, 5261.38it/s, Materializing param=encoder.layer.1.intermediate.dense.bias]    
Loading weights:  16%|█▌        | 32/199 [00:00<00:00, 5243.29it/s, Materializing param=encoder.layer.1.intermediate.dense.bias]
Loading weights:  17%|█▋        | 33/199 [00:00<00:00, 5359.20it/s, Materializing param=encoder.layer.1.intermediate.dense.weight]
Loading weights:  17%|█▋        | 33/199 [00:00<00:00, 5340.79it/s, Materializing param=encoder.layer.1.intermediate.dense.weight]
Loading weights:  17%|█▋        | 34/199 [00:00<00:00, 5429.73it/s, Materializing param=encoder.layer.1.output.LayerNorm.bias]    
Loading weights:  17%|█▋        | 34/199 [00:00<00:00, 5411.59it/s, Materializing param=encoder.layer.1.output.LayerNorm.bias]
Loading weights:  18%|█▊        | 35/199 [00:00<00:00, 5349.49it/s, Materializing param=encoder.layer.1.output.LayerNorm.weight]
Loading weights:  18%|█▊        | 35/199 [00:00<00:00, 5332.39it/s, Materializing param=encoder.layer.1.output.LayerNorm.weight]
Loading weights:  18%|█▊        | 36/199 [00:00<00:00, 5350.07it/s, Materializing param=encoder.layer.1.output.dense.bias]      
Loading weights:  18%|█▊        | 36/199 [00:00<00:00, 5279.36it/s, Materializing param=encoder.layer.1.output.dense.bias]
Loading weights:  19%|█▊        | 37/199 [00:00<00:00, 5345.45it/s, Materializing param=encoder.layer.1.output.dense.weight]
Loading weights:  19%|█▊        | 37/199 [00:00<00:00, 5314.70it/s, Materializing param=encoder.layer.1.output.dense.weight]
Loading weights:  19%|█▉        | 38/199 [00:00<00:00, 5398.62it/s, Materializing param=encoder.layer.2.attention.output.LayerNorm.bias]
Loading weights:  19%|█▉        | 38/199 [00:00<00:00, 5375.68it/s, Materializing param=encoder.layer.2.attention.output.LayerNorm.bias]
Loading weights:  20%|█▉        | 39/199 [00:00<00:00, 5455.32it/s, Materializing param=encoder.layer.2.attention.output.LayerNorm.weight]
Loading weights:  20%|█▉        | 39/199 [00:00<00:00, 5437.19it/s, Materializing param=encoder.layer.2.attention.output.LayerNorm.weight]
Loading weights:  20%|██        | 40/199 [00:00<00:00, 5364.93it/s, Materializing param=encoder.layer.2.attention.output.dense.bias]      
Loading weights:  20%|██        | 40/199 [00:00<00:00, 5349.02it/s, Materializing param=encoder.layer.2.attention.output.dense.bias]
Loading weights:  21%|██        | 41/199 [00:00<00:00, 5327.67it/s, Materializing param=encoder.layer.2.attention.output.dense.weight]
Loading weights:  21%|██        | 41/199 [00:00<00:00, 5313.18it/s, Materializing param=encoder.layer.2.attention.output.dense.weight]
Loading weights:  21%|██        | 42/199 [00:00<00:00, 5364.70it/s, Materializing param=encoder.layer.2.attention.self.key.bias]      
Loading weights:  21%|██        | 42/199 [00:00<00:00, 5349.72it/s, Materializing param=encoder.layer.2.attention.self.key.bias]
Loading weights:  22%|██▏       | 43/199 [00:00<00:00, 5427.31it/s, Materializing param=encoder.layer.2.attention.self.key.weight]
Loading weights:  22%|██▏       | 43/199 [00:00<00:00, 5411.68it/s, Materializing param=encoder.layer.2.attention.self.key.weight]
Loading weights:  22%|██▏       | 44/199 [00:00<00:00, 5440.24it/s, Materializing param=encoder.layer.2.attention.self.query.bias]
Loading weights:  22%|██▏       | 44/199 [00:00<00:00, 5426.81it/s, Materializing param=encoder.layer.2.attention.self.query.bias]
Loading weights:  23%|██▎       | 45/199 [00:00<00:00, 5480.52it/s, Materializing param=encoder.layer.2.attention.self.query.weight]
Loading weights:  23%|██▎       | 45/199 [00:00<00:00, 5467.98it/s, Materializing param=encoder.layer.2.attention.self.query.weight]
Loading weights:  23%|██▎       | 46/199 [00:00<00:00, 5554.41it/s, Materializing param=encoder.layer.2.attention.self.value.bias]  
Loading weights:  23%|██▎       | 46/199 [00:00<00:00, 5540.37it/s, Materializing param=encoder.layer.2.attention.self.value.bias]
Loading weights:  24%|██▎       | 47/199 [00:00<00:00, 5547.71it/s, Materializing param=encoder.layer.2.attention.self.value.weight]
Loading weights:  24%|██▎       | 47/199 [00:00<00:00, 5533.54it/s, Materializing param=encoder.layer.2.attention.self.value.weight]
Loading weights:  24%|██▍       | 48/199 [00:00<00:00, 5561.35it/s, Materializing param=encoder.layer.2.intermediate.dense.bias]    
Loading weights:  24%|██▍       | 48/199 [00:00<00:00, 5546.03it/s, Materializing param=encoder.layer.2.intermediate.dense.bias]
Loading weights:  25%|██▍       | 49/199 [00:00<00:00, 5627.78it/s, Materializing param=encoder.layer.2.intermediate.dense.weight]
Loading weights:  25%|██▍       | 49/199 [00:00<00:00, 5616.71it/s, Materializing param=encoder.layer.2.intermediate.dense.weight]
Loading weights:  25%|██▌       | 50/199 [00:00<00:00, 5628.13it/s, Materializing param=encoder.layer.2.output.LayerNorm.bias]    
Loading weights:  25%|██▌       | 50/199 [00:00<00:00, 5616.82it/s, Materializing param=encoder.layer.2.output.LayerNorm.bias]
Loading weights:  26%|██▌       | 51/199 [00:00<00:00, 5629.35it/s, Materializing param=encoder.layer.2.output.LayerNorm.weight]
Loading weights:  26%|██▌       | 51/199 [00:00<00:00, 5615.01it/s, Materializing param=encoder.layer.2.output.LayerNorm.weight]
Loading weights:  26%|██▌       | 52/199 [00:00<00:00, 5561.60it/s, Materializing param=encoder.layer.2.output.dense.bias]      
Loading weights:  26%|██▌       | 52/199 [00:00<00:00, 5548.59it/s, Materializing param=encoder.layer.2.output.dense.bias]
Loading weights:  27%|██▋       | 53/199 [00:00<00:00, 5601.99it/s, Materializing param=encoder.layer.2.output.dense.weight]
Loading weights:  27%|██▋       | 53/199 [00:00<00:00, 5589.59it/s, Materializing param=encoder.layer.2.output.dense.weight]
Loading weights:  27%|██▋       | 54/199 [00:00<00:00, 5622.81it/s, Materializing param=encoder.layer.3.attention.output.LayerNorm.bias]
Loading weights:  27%|██▋       | 54/199 [00:00<00:00, 5604.17it/s, Materializing param=encoder.layer.3.attention.output.LayerNorm.bias]
Loading weights:  28%|██▊       | 55/199 [00:00<00:00, 5655.06it/s, Materializing param=encoder.layer.3.attention.output.LayerNorm.weight]
Loading weights:  28%|██▊       | 55/199 [00:00<00:00, 5642.88it/s, Materializing param=encoder.layer.3.attention.output.LayerNorm.weight]
Loading weights:  28%|██▊       | 56/199 [00:00<00:00, 5675.51it/s, Materializing param=encoder.layer.3.attention.output.dense.bias]      
Loading weights:  28%|██▊       | 56/199 [00:00<00:00, 5664.01it/s, Materializing param=encoder.layer.3.attention.output.dense.bias]
Loading weights:  29%|██▊       | 57/199 [00:00<00:00, 5657.65it/s, Materializing param=encoder.layer.3.attention.output.dense.weight]
Loading weights:  29%|██▊       | 57/199 [00:00<00:00, 5646.56it/s, Materializing param=encoder.layer.3.attention.output.dense.weight]
Loading weights:  29%|██▉       | 58/199 [00:00<00:00, 5717.67it/s, Materializing param=encoder.layer.3.attention.self.key.bias]      
Loading weights:  29%|██▉       | 58/199 [00:00<00:00, 5707.61it/s, Materializing param=encoder.layer.3.attention.self.key.bias]
Loading weights:  30%|██▉       | 59/199 [00:00<00:00, 5778.09it/s, Materializing param=encoder.layer.3.attention.self.key.weight]
Loading weights:  30%|██▉       | 59/199 [00:00<00:00, 5765.84it/s, Materializing param=encoder.layer.3.attention.self.key.weight]
Loading weights:  30%|███       | 60/199 [00:00<00:00, 5787.64it/s, Materializing param=encoder.layer.3.attention.self.query.bias]
Loading weights:  30%|███       | 60/199 [00:00<00:00, 5773.30it/s, Materializing param=encoder.layer.3.attention.self.query.bias]
Loading weights:  31%|███       | 61/199 [00:00<00:00, 5804.15it/s, Materializing param=encoder.layer.3.attention.self.query.weight]
Loading weights:  31%|███       | 61/199 [00:00<00:00, 5793.50it/s, Materializing param=encoder.layer.3.attention.self.query.weight]
Loading weights:  31%|███       | 62/199 [00:00<00:00, 5843.62it/s, Materializing param=encoder.layer.3.attention.self.value.bias]  
Loading weights:  31%|███       | 62/199 [00:00<00:00, 5833.79it/s, Materializing param=encoder.layer.3.attention.self.value.bias]
Loading weights:  32%|███▏      | 63/199 [00:00<00:00, 5830.18it/s, Materializing param=encoder.layer.3.attention.self.value.weight]
Loading weights:  32%|███▏      | 63/199 [00:00<00:00, 5815.17it/s, Materializing param=encoder.layer.3.attention.self.value.weight]
Loading weights:  32%|███▏      | 64/199 [00:00<00:00, 5837.33it/s, Materializing param=encoder.layer.3.intermediate.dense.bias]    
Loading weights:  32%|███▏      | 64/199 [00:00<00:00, 5825.17it/s, Materializing param=encoder.layer.3.intermediate.dense.bias]
Loading weights:  33%|███▎      | 65/199 [00:00<00:00, 5845.41it/s, Materializing param=encoder.layer.3.intermediate.dense.weight]
Loading weights:  33%|███▎      | 65/199 [00:00<00:00, 5834.40it/s, Materializing param=encoder.layer.3.intermediate.dense.weight]
Loading weights:  33%|███▎      | 66/199 [00:00<00:00, 5851.16it/s, Materializing param=encoder.layer.3.output.LayerNorm.bias]    
Loading weights:  33%|███▎      | 66/199 [00:00<00:00, 5839.80it/s, Materializing param=encoder.layer.3.output.LayerNorm.bias]
Loading weights:  34%|███▎      | 67/199 [00:00<00:00, 5802.45it/s, Materializing param=encoder.layer.3.output.LayerNorm.weight]
Loading weights:  34%|███▎      | 67/199 [00:00<00:00, 5790.37it/s, Materializing param=encoder.layer.3.output.LayerNorm.weight]
Loading weights:  34%|███▍      | 68/199 [00:00<00:00, 5599.54it/s, Materializing param=encoder.layer.3.output.dense.bias]      
Loading weights:  34%|███▍      | 68/199 [00:00<00:00, 5588.46it/s, Materializing param=encoder.layer.3.output.dense.bias]
Loading weights:  35%|███▍      | 69/199 [00:00<00:00, 5625.34it/s, Materializing param=encoder.layer.3.output.dense.weight]
Loading weights:  35%|███▍      | 69/199 [00:00<00:00, 5614.86it/s, Materializing param=encoder.layer.3.output.dense.weight]
Loading weights:  35%|███▌      | 70/199 [00:00<00:00, 5642.06it/s, Materializing param=encoder.layer.4.attention.output.LayerNorm.bias]
Loading weights:  35%|███▌      | 70/199 [00:00<00:00, 5632.42it/s, Materializing param=encoder.layer.4.attention.output.LayerNorm.bias]
Loading weights:  36%|███▌      | 71/199 [00:00<00:00, 5620.69it/s, Materializing param=encoder.layer.4.attention.output.LayerNorm.weight]
Loading weights:  36%|███▌      | 71/199 [00:00<00:00, 5611.80it/s, Materializing param=encoder.layer.4.attention.output.LayerNorm.weight]
Loading weights:  36%|███▌      | 72/199 [00:00<00:00, 5640.45it/s, Materializing param=encoder.layer.4.attention.output.dense.bias]      
Loading weights:  36%|███▌      | 72/199 [00:00<00:00, 5630.78it/s, Materializing param=encoder.layer.4.attention.output.dense.bias]
Loading weights:  37%|███▋      | 73/199 [00:00<00:00, 5625.90it/s, Materializing param=encoder.layer.4.attention.output.dense.weight]
Loading weights:  37%|███▋      | 73/199 [00:00<00:00, 5617.23it/s, Materializing param=encoder.layer.4.attention.output.dense.weight]
Loading weights:  37%|███▋      | 74/199 [00:00<00:00, 5652.39it/s, Materializing param=encoder.layer.4.attention.self.key.bias]      
Loading weights:  37%|███▋      | 74/199 [00:00<00:00, 5639.86it/s, Materializing param=encoder.layer.4.attention.self.key.bias]
Loading weights:  38%|███▊      | 75/199 [00:00<00:00, 5631.95it/s, Materializing param=encoder.layer.4.attention.self.key.weight]
Loading weights:  38%|███▊      | 75/199 [00:00<00:00, 5623.09it/s, Materializing param=encoder.layer.4.attention.self.key.weight]
Loading weights:  38%|███▊      | 76/199 [00:00<00:00, 5669.19it/s, Materializing param=encoder.layer.4.attention.self.query.bias]
Loading weights:  38%|███▊      | 76/199 [00:00<00:00, 5659.02it/s, Materializing param=encoder.layer.4.attention.self.query.bias]
Loading weights:  39%|███▊      | 77/199 [00:00<00:00, 5705.12it/s, Materializing param=encoder.layer.4.attention.self.query.weight]
Loading weights:  39%|███▊      | 77/199 [00:00<00:00, 5696.57it/s, Materializing param=encoder.layer.4.attention.self.query.weight]
Loading weights:  39%|███▉      | 78/199 [00:00<00:00, 5506.56it/s, Materializing param=encoder.layer.4.attention.self.value.bias]  
Loading weights:  39%|███▉      | 78/199 [00:00<00:00, 5496.94it/s, Materializing param=encoder.layer.4.attention.self.value.bias]
Loading weights:  40%|███▉      | 79/199 [00:00<00:00, 5481.57it/s, Materializing param=encoder.layer.4.attention.self.value.weight]
Loading weights:  40%|███▉      | 79/199 [00:00<00:00, 5471.34it/s, Materializing param=encoder.layer.4.attention.self.value.weight]
Loading weights:  40%|████      | 80/199 [00:00<00:00, 5525.73it/s, Materializing param=encoder.layer.4.intermediate.dense.bias]    
Loading weights:  40%|████      | 80/199 [00:00<00:00, 5520.00it/s, Materializing param=encoder.layer.4.intermediate.dense.bias]
Loading weights:  41%|████      | 81/199 [00:00<00:00, 5574.42it/s, Materializing param=encoder.layer.4.intermediate.dense.weight]
Loading weights:  41%|████      | 81/199 [00:00<00:00, 5567.84it/s, Materializing param=encoder.layer.4.intermediate.dense.weight]
Loading weights:  41%|████      | 82/199 [00:00<00:00, 5622.58it/s, Materializing param=encoder.layer.4.output.LayerNorm.bias]    
Loading weights:  41%|████      | 82/199 [00:00<00:00, 5616.15it/s, Materializing param=encoder.layer.4.output.LayerNorm.bias]
Loading weights:  42%|████▏     | 83/199 [00:00<00:00, 5667.89it/s, Materializing param=encoder.layer.4.output.LayerNorm.weight]
Loading weights:  42%|████▏     | 83/199 [00:00<00:00, 5661.34it/s, Materializing param=encoder.layer.4.output.LayerNorm.weight]
Loading weights:  42%|████▏     | 84/199 [00:00<00:00, 5716.72it/s, Materializing param=encoder.layer.4.output.dense.bias]      
Loading weights:  42%|████▏     | 84/199 [00:00<00:00, 5709.68it/s, Materializing param=encoder.layer.4.output.dense.bias]
Loading weights:  43%|████▎     | 85/199 [00:00<00:00, 5758.06it/s, Materializing param=encoder.layer.4.output.dense.weight]
Loading weights:  43%|████▎     | 85/199 [00:00<00:00, 5752.58it/s, Materializing param=encoder.layer.4.output.dense.weight]
Loading weights:  43%|████▎     | 86/199 [00:00<00:00, 5805.73it/s, Materializing param=encoder.layer.5.attention.output.LayerNorm.bias]
Loading weights:  43%|████▎     | 86/199 [00:00<00:00, 5798.73it/s, Materializing param=encoder.layer.5.attention.output.LayerNorm.bias]
Loading weights:  44%|████▎     | 87/199 [00:00<00:00, 5851.58it/s, Materializing param=encoder.layer.5.attention.output.LayerNorm.weight]
Loading weights:  44%|████▎     | 87/199 [00:00<00:00, 5845.58it/s, Materializing param=encoder.layer.5.attention.output.LayerNorm.weight]
Loading weights:  44%|████▍     | 88/199 [00:00<00:00, 5900.20it/s, Materializing param=encoder.layer.5.attention.output.dense.bias]      
Loading weights:  44%|████▍     | 88/199 [00:00<00:00, 5893.89it/s, Materializing param=encoder.layer.5.attention.output.dense.bias]
Loading weights:  45%|████▍     | 89/199 [00:00<00:00, 5942.93it/s, Materializing param=encoder.layer.5.attention.output.dense.weight]
Loading weights:  45%|████▍     | 89/199 [00:00<00:00, 5934.52it/s, Materializing param=encoder.layer.5.attention.output.dense.weight]
Loading weights:  45%|████▌     | 90/199 [00:00<00:00, 5988.44it/s, Materializing param=encoder.layer.5.attention.self.key.bias]      
Loading weights:  45%|████▌     | 90/199 [00:00<00:00, 5982.18it/s, Materializing param=encoder.layer.5.attention.self.key.bias]
Loading weights:  46%|████▌     | 91/199 [00:00<00:00, 6032.87it/s, Materializing param=encoder.layer.5.attention.self.key.weight]
Loading weights:  46%|████▌     | 91/199 [00:00<00:00, 6021.74it/s, Materializing param=encoder.layer.5.attention.self.key.weight]
Loading weights:  46%|████▌     | 92/199 [00:00<00:00, 6074.68it/s, Materializing param=encoder.layer.5.attention.self.query.bias]
Loading weights:  46%|████▌     | 92/199 [00:00<00:00, 6068.28it/s, Materializing param=encoder.layer.5.attention.self.query.bias]
Loading weights:  47%|████▋     | 93/199 [00:00<00:00, 6118.85it/s, Materializing param=encoder.layer.5.attention.self.query.weight]
Loading weights:  47%|████▋     | 93/199 [00:00<00:00, 6111.66it/s, Materializing param=encoder.layer.5.attention.self.query.weight]
Loading weights:  47%|████▋     | 94/199 [00:00<00:00, 6161.54it/s, Materializing param=encoder.layer.5.attention.self.value.bias]  
Loading weights:  47%|████▋     | 94/199 [00:00<00:00, 6154.33it/s, Materializing param=encoder.layer.5.attention.self.value.bias]
Loading weights:  48%|████▊     | 95/199 [00:00<00:00, 6205.56it/s, Materializing param=encoder.layer.5.attention.self.value.weight]
Loading weights:  48%|████▊     | 95/199 [00:00<00:00, 6197.84it/s, Materializing param=encoder.layer.5.attention.self.value.weight]
Loading weights:  48%|████▊     | 96/199 [00:00<00:00, 6248.89it/s, Materializing param=encoder.layer.5.intermediate.dense.bias]    
Loading weights:  48%|████▊     | 96/199 [00:00<00:00, 6242.30it/s, Materializing param=encoder.layer.5.intermediate.dense.bias]
Loading weights:  49%|████▊     | 97/199 [00:00<00:00, 6292.20it/s, Materializing param=encoder.layer.5.intermediate.dense.weight]
Loading weights:  49%|████▊     | 97/199 [00:00<00:00, 6284.43it/s, Materializing param=encoder.layer.5.intermediate.dense.weight]
Loading weights:  49%|████▉     | 98/199 [00:00<00:00, 6334.93it/s, Materializing param=encoder.layer.5.output.LayerNorm.bias]    
Loading weights:  49%|████▉     | 98/199 [00:00<00:00, 6328.39it/s, Materializing param=encoder.layer.5.output.LayerNorm.bias]
Loading weights:  50%|████▉     | 99/199 [00:00<00:00, 6376.87it/s, Materializing param=encoder.layer.5.output.LayerNorm.weight]
Loading weights:  50%|████▉     | 99/199 [00:00<00:00, 6369.43it/s, Materializing param=encoder.layer.5.output.LayerNorm.weight]
Loading weights:  50%|█████     | 100/199 [00:00<00:00, 6419.39it/s, Materializing param=encoder.layer.5.output.dense.bias]     
Loading weights:  50%|█████     | 100/199 [00:00<00:00, 6411.54it/s, Materializing param=encoder.layer.5.output.dense.bias]
Loading weights:  51%|█████     | 101/199 [00:00<00:00, 6461.63it/s, Materializing param=encoder.layer.5.output.dense.weight]
Loading weights:  51%|█████     | 101/199 [00:00<00:00, 6453.27it/s, Materializing param=encoder.layer.5.output.dense.weight]
Loading weights:  51%|█████▏    | 102/199 [00:00<00:00, 6502.70it/s, Materializing param=encoder.layer.6.attention.output.LayerNorm.bias]
Loading weights:  51%|█████▏    | 102/199 [00:00<00:00, 6495.59it/s, Materializing param=encoder.layer.6.attention.output.LayerNorm.bias]
Loading weights:  52%|█████▏    | 103/199 [00:00<00:00, 6540.60it/s, Materializing param=encoder.layer.6.attention.output.LayerNorm.weight]
Loading weights:  52%|█████▏    | 103/199 [00:00<00:00, 6531.90it/s, Materializing param=encoder.layer.6.attention.output.LayerNorm.weight]
Loading weights:  52%|█████▏    | 104/199 [00:00<00:00, 6581.58it/s, Materializing param=encoder.layer.6.attention.output.dense.bias]      
Loading weights:  52%|█████▏    | 104/199 [00:00<00:00, 6574.84it/s, Materializing param=encoder.layer.6.attention.output.dense.bias]
Loading weights:  53%|█████▎    | 105/199 [00:00<00:00, 6622.59it/s, Materializing param=encoder.layer.6.attention.output.dense.weight]
Loading weights:  53%|█████▎    | 105/199 [00:00<00:00, 6614.63it/s, Materializing param=encoder.layer.6.attention.output.dense.weight]
Loading weights:  53%|█████▎    | 106/199 [00:00<00:00, 6663.01it/s, Materializing param=encoder.layer.6.attention.self.key.bias]      
Loading weights:  53%|█████▎    | 106/199 [00:00<00:00, 6654.93it/s, Materializing param=encoder.layer.6.attention.self.key.bias]
Loading weights:  54%|█████▍    | 107/199 [00:00<00:00, 6701.37it/s, Materializing param=encoder.layer.6.attention.self.key.weight]
Loading weights:  54%|█████▍    | 107/199 [00:00<00:00, 6693.87it/s, Materializing param=encoder.layer.6.attention.self.key.weight]
Loading weights:  54%|█████▍    | 108/199 [00:00<00:00, 6740.75it/s, Materializing param=encoder.layer.6.attention.self.query.bias]
Loading weights:  54%|█████▍    | 108/199 [00:00<00:00, 6733.63it/s, Materializing param=encoder.layer.6.attention.self.query.bias]
Loading weights:  55%|█████▍    | 109/199 [00:00<00:00, 6781.66it/s, Materializing param=encoder.layer.6.attention.self.query.weight]
Loading weights:  55%|█████▍    | 109/199 [00:00<00:00, 6773.63it/s, Materializing param=encoder.layer.6.attention.self.query.weight]
Loading weights:  55%|█████▌    | 110/199 [00:00<00:00, 6820.51it/s, Materializing param=encoder.layer.6.attention.self.value.bias]  
Loading weights:  55%|█████▌    | 110/199 [00:00<00:00, 6812.96it/s, Materializing param=encoder.layer.6.attention.self.value.bias]
Loading weights:  56%|█████▌    | 111/199 [00:00<00:00, 6859.09it/s, Materializing param=encoder.layer.6.attention.self.value.weight]
Loading weights:  56%|█████▌    | 111/199 [00:00<00:00, 6851.92it/s, Materializing param=encoder.layer.6.attention.self.value.weight]
Loading weights:  56%|█████▋    | 112/199 [00:00<00:00, 6893.16it/s, Materializing param=encoder.layer.6.intermediate.dense.bias]    
Loading weights:  56%|█████▋    | 112/199 [00:00<00:00, 6885.99it/s, Materializing param=encoder.layer.6.intermediate.dense.bias]
Loading weights:  57%|█████▋    | 113/199 [00:00<00:00, 6931.31it/s, Materializing param=encoder.layer.6.intermediate.dense.weight]
Loading weights:  57%|█████▋    | 113/199 [00:00<00:00, 6924.93it/s, Materializing param=encoder.layer.6.intermediate.dense.weight]
Loading weights:  57%|█████▋    | 114/199 [00:00<00:00, 6970.84it/s, Materializing param=encoder.layer.6.output.LayerNorm.bias]    
Loading weights:  57%|█████▋    | 114/199 [00:00<00:00, 6963.12it/s, Materializing param=encoder.layer.6.output.LayerNorm.bias]
Loading weights:  58%|█████▊    | 115/199 [00:00<00:00, 7008.48it/s, Materializing param=encoder.layer.6.output.LayerNorm.weight]
Loading weights:  58%|█████▊    | 115/199 [00:00<00:00, 7001.97it/s, Materializing param=encoder.layer.6.output.LayerNorm.weight]
Loading weights:  58%|█████▊    | 116/199 [00:00<00:00, 7043.54it/s, Materializing param=encoder.layer.6.output.dense.bias]      
Loading weights:  58%|█████▊    | 116/199 [00:00<00:00, 7035.90it/s, Materializing param=encoder.layer.6.output.dense.bias]
Loading weights:  59%|█████▉    | 117/199 [00:00<00:00, 7081.50it/s, Materializing param=encoder.layer.6.output.dense.weight]
Loading weights:  59%|█████▉    | 117/199 [00:00<00:00, 7073.84it/s, Materializing param=encoder.layer.6.output.dense.weight]
Loading weights:  59%|█████▉    | 118/199 [00:00<00:00, 7119.22it/s, Materializing param=encoder.layer.7.attention.output.LayerNorm.bias]
Loading weights:  59%|█████▉    | 118/199 [00:00<00:00, 7111.54it/s, Materializing param=encoder.layer.7.attention.output.LayerNorm.bias]
Loading weights:  60%|█████▉    | 119/199 [00:00<00:00, 7153.72it/s, Materializing param=encoder.layer.7.attention.output.LayerNorm.weight]
Loading weights:  60%|█████▉    | 119/199 [00:00<00:00, 7145.53it/s, Materializing param=encoder.layer.7.attention.output.LayerNorm.weight]
Loading weights:  60%|██████    | 120/199 [00:00<00:00, 7189.62it/s, Materializing param=encoder.layer.7.attention.output.dense.bias]      
Loading weights:  60%|██████    | 120/199 [00:00<00:00, 7181.41it/s, Materializing param=encoder.layer.7.attention.output.dense.bias]
Loading weights:  61%|██████    | 121/199 [00:00<00:00, 7226.51it/s, Materializing param=encoder.layer.7.attention.output.dense.weight]
Loading weights:  61%|██████    | 121/199 [00:00<00:00, 7218.80it/s, Materializing param=encoder.layer.7.attention.output.dense.weight]
Loading weights:  61%|██████▏   | 122/199 [00:00<00:00, 7263.28it/s, Materializing param=encoder.layer.7.attention.self.key.bias]      
Loading weights:  61%|██████▏   | 122/199 [00:00<00:00, 7255.55it/s, Materializing param=encoder.layer.7.attention.self.key.bias]
Loading weights:  62%|██████▏   | 123/199 [00:00<00:00, 7298.47it/s, Materializing param=encoder.layer.7.attention.self.key.weight]
Loading weights:  62%|██████▏   | 123/199 [00:00<00:00, 7291.14it/s, Materializing param=encoder.layer.7.attention.self.key.weight]
Loading weights:  62%|██████▏   | 124/199 [00:00<00:00, 7335.18it/s, Materializing param=encoder.layer.7.attention.self.query.bias]
Loading weights:  62%|██████▏   | 124/199 [00:00<00:00, 7327.84it/s, Materializing param=encoder.layer.7.attention.self.query.bias]
Loading weights:  63%|██████▎   | 125/199 [00:00<00:00, 7369.91it/s, Materializing param=encoder.layer.7.attention.self.query.weight]
Loading weights:  63%|██████▎   | 125/199 [00:00<00:00, 7362.15it/s, Materializing param=encoder.layer.7.attention.self.query.weight]
Loading weights:  63%|██████▎   | 126/199 [00:00<00:00, 7405.65it/s, Materializing param=encoder.layer.7.attention.self.value.bias]  
Loading weights:  63%|██████▎   | 126/199 [00:00<00:00, 7397.88it/s, Materializing param=encoder.layer.7.attention.self.value.bias]
Loading weights:  64%|██████▍   | 127/199 [00:00<00:00, 7440.45it/s, Materializing param=encoder.layer.7.attention.self.value.weight]
Loading weights:  64%|██████▍   | 127/199 [00:00<00:00, 7432.14it/s, Materializing param=encoder.layer.7.attention.self.value.weight]
Loading weights:  64%|██████▍   | 128/199 [00:00<00:00, 7475.02it/s, Materializing param=encoder.layer.7.intermediate.dense.bias]    
Loading weights:  64%|██████▍   | 128/199 [00:00<00:00, 7468.37it/s, Materializing param=encoder.layer.7.intermediate.dense.bias]
Loading weights:  65%|██████▍   | 129/199 [00:00<00:00, 7511.35it/s, Materializing param=encoder.layer.7.intermediate.dense.weight]
Loading weights:  65%|██████▍   | 129/199 [00:00<00:00, 7503.54it/s, Materializing param=encoder.layer.7.intermediate.dense.weight]
Loading weights:  65%|██████▌   | 130/199 [00:00<00:00, 7545.90it/s, Materializing param=encoder.layer.7.output.LayerNorm.bias]    
Loading weights:  65%|██████▌   | 130/199 [00:00<00:00, 7538.08it/s, Materializing param=encoder.layer.7.output.LayerNorm.bias]
Loading weights:  66%|██████▌   | 131/199 [00:00<00:00, 7578.88it/s, Materializing param=encoder.layer.7.output.LayerNorm.weight]
Loading weights:  66%|██████▌   | 131/199 [00:00<00:00, 7570.95it/s, Materializing param=encoder.layer.7.output.LayerNorm.weight]
Loading weights:  66%|██████▋   | 132/199 [00:00<00:00, 7612.59it/s, Materializing param=encoder.layer.7.output.dense.bias]      
Loading weights:  66%|██████▋   | 132/199 [00:00<00:00, 7604.64it/s, Materializing param=encoder.layer.7.output.dense.bias]
Loading weights:  67%|██████▋   | 133/199 [00:00<00:00, 7646.81it/s, Materializing param=encoder.layer.7.output.dense.weight]
Loading weights:  67%|██████▋   | 133/199 [00:00<00:00, 7638.54it/s, Materializing param=encoder.layer.7.output.dense.weight]
Loading weights:  67%|██████▋   | 134/199 [00:00<00:00, 7680.51it/s, Materializing param=encoder.layer.8.attention.output.LayerNorm.bias]
Loading weights:  67%|██████▋   | 134/199 [00:00<00:00, 7673.38it/s, Materializing param=encoder.layer.8.attention.output.LayerNorm.bias]
Loading weights:  68%|██████▊   | 135/199 [00:00<00:00, 7711.69it/s, Materializing param=encoder.layer.8.attention.output.LayerNorm.weight]
Loading weights:  68%|██████▊   | 135/199 [00:00<00:00, 7703.82it/s, Materializing param=encoder.layer.8.attention.output.LayerNorm.weight]
Loading weights:  68%|██████▊   | 136/199 [00:00<00:00, 7744.87it/s, Materializing param=encoder.layer.8.attention.output.dense.bias]      
Loading weights:  68%|██████▊   | 136/199 [00:00<00:00, 7738.36it/s, Materializing param=encoder.layer.8.attention.output.dense.bias]
Loading weights:  69%|██████▉   | 137/199 [00:00<00:00, 7779.74it/s, Materializing param=encoder.layer.8.attention.output.dense.weight]
Loading weights:  69%|██████▉   | 137/199 [00:00<00:00, 7771.85it/s, Materializing param=encoder.layer.8.attention.output.dense.weight]
Loading weights:  69%|██████▉   | 138/199 [00:00<00:00, 7812.52it/s, Materializing param=encoder.layer.8.attention.self.key.bias]      
Loading weights:  69%|██████▉   | 138/199 [00:00<00:00, 7804.62it/s, Materializing param=encoder.layer.8.attention.self.key.bias]
Loading weights:  70%|██████▉   | 139/199 [00:00<00:00, 7842.98it/s, Materializing param=encoder.layer.8.attention.self.key.weight]
Loading weights:  70%|██████▉   | 139/199 [00:00<00:00, 7834.97it/s, Materializing param=encoder.layer.8.attention.self.key.weight]
Loading weights:  70%|███████   | 140/199 [00:00<00:00, 7875.89it/s, Materializing param=encoder.layer.8.attention.self.query.bias]
Loading weights:  70%|███████   | 140/199 [00:00<00:00, 7867.87it/s, Materializing param=encoder.layer.8.attention.self.query.bias]
Loading weights:  71%|███████   | 141/199 [00:00<00:00, 7907.64it/s, Materializing param=encoder.layer.8.attention.self.query.weight]
Loading weights:  71%|███████   | 141/199 [00:00<00:00, 7900.99it/s, Materializing param=encoder.layer.8.attention.self.query.weight]
Loading weights:  71%|███████▏  | 142/199 [00:00<00:00, 7932.54it/s, Materializing param=encoder.layer.8.attention.self.value.bias]  
Loading weights:  71%|███████▏  | 142/199 [00:00<00:00, 7926.42it/s, Materializing param=encoder.layer.8.attention.self.value.bias]
Loading weights:  72%|███████▏  | 143/199 [00:00<00:00, 7966.23it/s, Materializing param=encoder.layer.8.attention.self.value.weight]
Loading weights:  72%|███████▏  | 143/199 [00:00<00:00, 7958.20it/s, Materializing param=encoder.layer.8.attention.self.value.weight]
Loading weights:  72%|███████▏  | 144/199 [00:00<00:00, 7998.25it/s, Materializing param=encoder.layer.8.intermediate.dense.bias]    
Loading weights:  72%|███████▏  | 144/199 [00:00<00:00, 7990.31it/s, Materializing param=encoder.layer.8.intermediate.dense.bias]
Loading weights:  73%|███████▎  | 145/199 [00:00<00:00, 8029.76it/s, Materializing param=encoder.layer.8.intermediate.dense.weight]
Loading weights:  73%|███████▎  | 145/199 [00:00<00:00, 8021.82it/s, Materializing param=encoder.layer.8.intermediate.dense.weight]
Loading weights:  73%|███████▎  | 146/199 [00:00<00:00, 8062.78it/s, Materializing param=encoder.layer.8.output.LayerNorm.bias]    
Loading weights:  73%|███████▎  | 146/199 [00:00<00:00, 8054.41it/s, Materializing param=encoder.layer.8.output.LayerNorm.bias]
Loading weights:  74%|███████▍  | 147/199 [00:00<00:00, 8093.50it/s, Materializing param=encoder.layer.8.output.LayerNorm.weight]
Loading weights:  74%|███████▍  | 147/199 [00:00<00:00, 8085.96it/s, Materializing param=encoder.layer.8.output.LayerNorm.weight]
Loading weights:  74%|███████▍  | 148/199 [00:00<00:00, 8126.16it/s, Materializing param=encoder.layer.8.output.dense.bias]      
Loading weights:  74%|███████▍  | 148/199 [00:00<00:00, 8118.50it/s, Materializing param=encoder.layer.8.output.dense.bias]
Loading weights:  75%|███████▍  | 149/199 [00:00<00:00, 8158.10it/s, Materializing param=encoder.layer.8.output.dense.weight]
Loading weights:  75%|███████▍  | 149/199 [00:00<00:00, 8150.12it/s, Materializing param=encoder.layer.8.output.dense.weight]
Loading weights:  75%|███████▌  | 150/199 [00:00<00:00, 8190.08it/s, Materializing param=encoder.layer.9.attention.output.LayerNorm.bias]
Loading weights:  75%|███████▌  | 150/199 [00:00<00:00, 8182.09it/s, Materializing param=encoder.layer.9.attention.output.LayerNorm.bias]
Loading weights:  76%|███████▌  | 151/199 [00:00<00:00, 8218.68it/s, Materializing param=encoder.layer.9.attention.output.LayerNorm.weight]
Loading weights:  76%|███████▌  | 151/199 [00:00<00:00, 8210.16it/s, Materializing param=encoder.layer.9.attention.output.LayerNorm.weight]
Loading weights:  76%|███████▋  | 152/199 [00:00<00:00, 8249.35it/s, Materializing param=encoder.layer.9.attention.output.dense.bias]      
Loading weights:  76%|███████▋  | 152/199 [00:00<00:00, 8241.24it/s, Materializing param=encoder.layer.9.attention.output.dense.bias]
Loading weights:  77%|███████▋  | 153/199 [00:00<00:00, 8280.58it/s, Materializing param=encoder.layer.9.attention.output.dense.weight]
Loading weights:  77%|███████▋  | 153/199 [00:00<00:00, 8272.58it/s, Materializing param=encoder.layer.9.attention.output.dense.weight]
Loading weights:  77%|███████▋  | 154/199 [00:00<00:00, 8311.32it/s, Materializing param=encoder.layer.9.attention.self.key.bias]      
Loading weights:  77%|███████▋  | 154/199 [00:00<00:00, 8303.31it/s, Materializing param=encoder.layer.9.attention.self.key.bias]
Loading weights:  78%|███████▊  | 155/199 [00:00<00:00, 8341.47it/s, Materializing param=encoder.layer.9.attention.self.key.weight]
Loading weights:  78%|███████▊  | 155/199 [00:00<00:00, 8332.91it/s, Materializing param=encoder.layer.9.attention.self.key.weight]
Loading weights:  78%|███████▊  | 156/199 [00:00<00:00, 8370.90it/s, Materializing param=encoder.layer.9.attention.self.query.bias]
Loading weights:  78%|███████▊  | 156/199 [00:00<00:00, 8362.88it/s, Materializing param=encoder.layer.9.attention.self.query.bias]
Loading weights:  79%|███████▉  | 157/199 [00:00<00:00, 8402.09it/s, Materializing param=encoder.layer.9.attention.self.query.weight]
Loading weights:  79%|███████▉  | 157/199 [00:00<00:00, 8394.06it/s, Materializing param=encoder.layer.9.attention.self.query.weight]
Loading weights:  79%|███████▉  | 158/199 [00:00<00:00, 8432.59it/s, Materializing param=encoder.layer.9.attention.self.value.bias]  
Loading weights:  79%|███████▉  | 158/199 [00:00<00:00, 8424.12it/s, Materializing param=encoder.layer.9.attention.self.value.bias]
Loading weights:  80%|███████▉  | 159/199 [00:00<00:00, 8462.05it/s, Materializing param=encoder.layer.9.attention.self.value.weight]
Loading weights:  80%|███████▉  | 159/199 [00:00<00:00, 8453.90it/s, Materializing param=encoder.layer.9.attention.self.value.weight]
Loading weights:  80%|████████  | 160/199 [00:00<00:00, 8491.35it/s, Materializing param=encoder.layer.9.intermediate.dense.bias]    
Loading weights:  80%|████████  | 160/199 [00:00<00:00, 8483.09it/s, Materializing param=encoder.layer.9.intermediate.dense.bias]
Loading weights:  81%|████████  | 161/199 [00:00<00:00, 8520.38it/s, Materializing param=encoder.layer.9.intermediate.dense.weight]
Loading weights:  81%|████████  | 161/199 [00:00<00:00, 8512.22it/s, Materializing param=encoder.layer.9.intermediate.dense.weight]
Loading weights:  81%|████████▏ | 162/199 [00:00<00:00, 8550.65it/s, Materializing param=encoder.layer.9.output.LayerNorm.bias]    
Loading weights:  81%|████████▏ | 162/199 [00:00<00:00, 8542.59it/s, Materializing param=encoder.layer.9.output.LayerNorm.bias]
Loading weights:  82%|████████▏ | 163/199 [00:00<00:00, 8579.89it/s, Materializing param=encoder.layer.9.output.LayerNorm.weight]
Loading weights:  82%|████████▏ | 163/199 [00:00<00:00, 8571.82it/s, Materializing param=encoder.layer.9.output.LayerNorm.weight]
Loading weights:  82%|████████▏ | 164/199 [00:00<00:00, 8610.38it/s, Materializing param=encoder.layer.9.output.dense.bias]      
Loading weights:  82%|████████▏ | 164/199 [00:00<00:00, 8602.30it/s, Materializing param=encoder.layer.9.output.dense.bias]
Loading weights:  83%|████████▎ | 165/199 [00:00<00:00, 8640.60it/s, Materializing param=encoder.layer.9.output.dense.weight]
Loading weights:  83%|████████▎ | 165/199 [00:00<00:00, 8634.35it/s, Materializing param=encoder.layer.9.output.dense.weight]
Loading weights:  83%|████████▎ | 166/199 [00:00<00:00, 8671.64it/s, Materializing param=encoder.layer.10.attention.output.LayerNorm.bias]
Loading weights:  83%|████████▎ | 166/199 [00:00<00:00, 8663.55it/s, Materializing param=encoder.layer.10.attention.output.LayerNorm.bias]
Loading weights:  84%|████████▍ | 167/199 [00:00<00:00, 8695.72it/s, Materializing param=encoder.layer.10.attention.output.LayerNorm.weight]
Loading weights:  84%|████████▍ | 167/199 [00:00<00:00, 8687.95it/s, Materializing param=encoder.layer.10.attention.output.LayerNorm.weight]
Loading weights:  84%|████████▍ | 168/199 [00:00<00:00, 8725.04it/s, Materializing param=encoder.layer.10.attention.output.dense.bias]      
Loading weights:  84%|████████▍ | 168/199 [00:00<00:00, 8718.35it/s, Materializing param=encoder.layer.10.attention.output.dense.bias]
Loading weights:  85%|████████▍ | 169/199 [00:00<00:00, 8753.78it/s, Materializing param=encoder.layer.10.attention.output.dense.weight]
Loading weights:  85%|████████▍ | 169/199 [00:00<00:00, 8745.68it/s, Materializing param=encoder.layer.10.attention.output.dense.weight]
Loading weights:  85%|████████▌ | 170/199 [00:00<00:00, 8781.94it/s, Materializing param=encoder.layer.10.attention.self.key.bias]      
Loading weights:  85%|████████▌ | 170/199 [00:00<00:00, 8773.83it/s, Materializing param=encoder.layer.10.attention.self.key.bias]
Loading weights:  86%|████████▌ | 171/199 [00:00<00:00, 8809.94it/s, Materializing param=encoder.layer.10.attention.self.key.weight]
Loading weights:  86%|████████▌ | 171/199 [00:00<00:00, 8801.83it/s, Materializing param=encoder.layer.10.attention.self.key.weight]
Loading weights:  86%|████████▋ | 172/199 [00:00<00:00, 8836.93it/s, Materializing param=encoder.layer.10.attention.self.query.bias]
Loading weights:  86%|████████▋ | 172/199 [00:00<00:00, 8828.82it/s, Materializing param=encoder.layer.10.attention.self.query.bias]
Loading weights:  87%|████████▋ | 173/199 [00:00<00:00, 8864.09it/s, Materializing param=encoder.layer.10.attention.self.query.weight]
Loading weights:  87%|████████▋ | 173/199 [00:00<00:00, 8855.98it/s, Materializing param=encoder.layer.10.attention.self.query.weight]
Loading weights:  87%|████████▋ | 174/199 [00:00<00:00, 8891.22it/s, Materializing param=encoder.layer.10.attention.self.value.bias]  
Loading weights:  87%|████████▋ | 174/199 [00:00<00:00, 8883.10it/s, Materializing param=encoder.layer.10.attention.self.value.bias]
Loading weights:  88%|████████▊ | 175/199 [00:00<00:00, 8911.81it/s, Materializing param=encoder.layer.10.attention.self.value.weight]
Loading weights:  88%|████████▊ | 175/199 [00:00<00:00, 8904.13it/s, Materializing param=encoder.layer.10.attention.self.value.weight]
Loading weights:  88%|████████▊ | 176/199 [00:00<00:00, 8939.50it/s, Materializing param=encoder.layer.10.intermediate.dense.bias]    
Loading weights:  88%|████████▊ | 176/199 [00:00<00:00, 8931.83it/s, Materializing param=encoder.layer.10.intermediate.dense.bias]
Loading weights:  89%|████████▉ | 177/199 [00:00<00:00, 8965.22it/s, Materializing param=encoder.layer.10.intermediate.dense.weight]
Loading weights:  89%|████████▉ | 177/199 [00:00<00:00, 8958.51it/s, Materializing param=encoder.layer.10.intermediate.dense.weight]
Loading weights:  89%|████████▉ | 178/199 [00:00<00:00, 8994.15it/s, Materializing param=encoder.layer.10.output.LayerNorm.bias]    
Loading weights:  89%|████████▉ | 178/199 [00:00<00:00, 8985.81it/s, Materializing param=encoder.layer.10.output.LayerNorm.bias]
Loading weights:  90%|████████▉ | 179/199 [00:00<00:00, 9017.73it/s, Materializing param=encoder.layer.10.output.LayerNorm.weight]
Loading weights:  90%|████████▉ | 179/199 [00:00<00:00, 9009.08it/s, Materializing param=encoder.layer.10.output.LayerNorm.weight]
Loading weights:  90%|█████████ | 180/199 [00:00<00:00, 9044.86it/s, Materializing param=encoder.layer.10.output.dense.bias]      
Loading weights:  90%|█████████ | 180/199 [00:00<00:00, 9038.47it/s, Materializing param=encoder.layer.10.output.dense.bias]
Loading weights:  91%|█████████ | 181/199 [00:00<00:00, 9073.15it/s, Materializing param=encoder.layer.10.output.dense.weight]
Loading weights:  91%|█████████ | 181/199 [00:00<00:00, 9065.03it/s, Materializing param=encoder.layer.10.output.dense.weight]
Loading weights:  91%|█████████▏| 182/199 [00:00<00:00, 9100.55it/s, Materializing param=encoder.layer.11.attention.output.LayerNorm.bias]
Loading weights:  91%|█████████▏| 182/199 [00:00<00:00, 9092.31it/s, Materializing param=encoder.layer.11.attention.output.LayerNorm.bias]
Loading weights:  92%|█████████▏| 183/199 [00:00<00:00, 9126.83it/s, Materializing param=encoder.layer.11.attention.output.LayerNorm.weight]
Loading weights:  92%|█████████▏| 183/199 [00:00<00:00, 9118.16it/s, Materializing param=encoder.layer.11.attention.output.LayerNorm.weight]
Loading weights:  92%|█████████▏| 184/199 [00:00<00:00, 9151.57it/s, Materializing param=encoder.layer.11.attention.output.dense.bias]      
Loading weights:  92%|█████████▏| 184/199 [00:00<00:00, 9143.44it/s, Materializing param=encoder.layer.11.attention.output.dense.bias]
Loading weights:  93%|█████████▎| 185/199 [00:00<00:00, 9168.91it/s, Materializing param=encoder.layer.11.attention.output.dense.weight]
Loading weights:  93%|█████████▎| 185/199 [00:00<00:00, 9160.68it/s, Materializing param=encoder.layer.11.attention.output.dense.weight]
Loading weights:  93%|█████████▎| 186/199 [00:00<00:00, 9194.35it/s, Materializing param=encoder.layer.11.attention.self.key.bias]      
Loading weights:  93%|█████████▎| 186/199 [00:00<00:00, 9187.53it/s, Materializing param=encoder.layer.11.attention.self.key.bias]
Loading weights:  94%|█████████▍| 187/199 [00:00<00:00, 9221.39it/s, Materializing param=encoder.layer.11.attention.self.key.weight]
Loading weights:  94%|█████████▍| 187/199 [00:00<00:00, 9213.27it/s, Materializing param=encoder.layer.11.attention.self.key.weight]
Loading weights:  94%|█████████▍| 188/199 [00:00<00:00, 9247.44it/s, Materializing param=encoder.layer.11.attention.self.query.bias]
Loading weights:  94%|█████████▍| 188/199 [00:00<00:00, 9239.31it/s, Materializing param=encoder.layer.11.attention.self.query.bias]
Loading weights:  95%|█████████▍| 189/199 [00:00<00:00, 9272.92it/s, Materializing param=encoder.layer.11.attention.self.query.weight]
Loading weights:  95%|█████████▍| 189/199 [00:00<00:00, 9264.79it/s, Materializing param=encoder.layer.11.attention.self.query.weight]
Loading weights:  95%|█████████▌| 190/199 [00:00<00:00, 9297.84it/s, Materializing param=encoder.layer.11.attention.self.value.bias]  
Loading weights:  95%|█████████▌| 190/199 [00:00<00:00, 9289.28it/s, Materializing param=encoder.layer.11.attention.self.value.bias]
Loading weights:  96%|█████████▌| 191/199 [00:00<00:00, 9321.22it/s, Materializing param=encoder.layer.11.attention.self.value.weight]
Loading weights:  96%|█████████▌| 191/199 [00:00<00:00, 9313.09it/s, Materializing param=encoder.layer.11.attention.self.value.weight]
Loading weights:  96%|█████████▋| 192/199 [00:00<00:00, 9346.75it/s, Materializing param=encoder.layer.11.intermediate.dense.bias]    
Loading weights:  96%|█████████▋| 192/199 [00:00<00:00, 9338.62it/s, Materializing param=encoder.layer.11.intermediate.dense.bias]
Loading weights:  97%|█████████▋| 193/199 [00:00<00:00, 9371.28it/s, Materializing param=encoder.layer.11.intermediate.dense.weight]
Loading weights:  97%|█████████▋| 193/199 [00:00<00:00, 9363.15it/s, Materializing param=encoder.layer.11.intermediate.dense.weight]
Loading weights:  97%|█████████▋| 194/199 [00:00<00:00, 9396.12it/s, Materializing param=encoder.layer.11.output.LayerNorm.bias]    
Loading weights:  97%|█████████▋| 194/199 [00:00<00:00, 9387.99it/s, Materializing param=encoder.layer.11.output.LayerNorm.bias]
Loading weights:  98%|█████████▊| 195/199 [00:00<00:00, 9421.28it/s, Materializing param=encoder.layer.11.output.LayerNorm.weight]
Loading weights:  98%|█████████▊| 195/199 [00:00<00:00, 9413.47it/s, Materializing param=encoder.layer.11.output.LayerNorm.weight]
Loading weights:  98%|█████████▊| 196/199 [00:00<00:00, 9449.02it/s, Materializing param=encoder.layer.11.output.dense.bias]      
Loading weights:  98%|█████████▊| 196/199 [00:00<00:00, 9443.59it/s, Materializing param=encoder.layer.11.output.dense.bias]
Loading weights:  99%|█████████▉| 197/199 [00:00<00:00, 9480.34it/s, Materializing param=encoder.layer.11.output.dense.weight]
Loading weights:  99%|█████████▉| 197/199 [00:00<00:00, 9474.47it/s, Materializing param=encoder.layer.11.output.dense.weight]
Loading weights:  99%|█████████▉| 198/199 [00:00<00:00, 9511.98it/s, Materializing param=pooler.dense.bias]                   
Loading weights:  99%|█████████▉| 198/199 [00:00<00:00, 9499.14it/s, Materializing param=pooler.dense.bias]
Loading weights: 100%|██████████| 199/199 [00:00<00:00, 9535.34it/s, Materializing param=pooler.dense.weight]
Loading weights: 100%|██████████| 199/199 [00:00<00:00, 9529.35it/s, Materializing param=pooler.dense.weight]
Loading weights: 100%|██████████| 199/199 [00:00<00:00, 9509.27it/s, Materializing param=pooler.dense.weight]
XLMRobertaModel LOAD REPORT from: intfloat/multilingual-e5-base
Key                     | Status     |  | 
------------------------+------------+--+-
embeddings.position_ids | UNEXPECTED |  | 

Notes:
- UNEXPECTED	:can be ignored when loading from different task/architecture; not ok if you expect identical arch.
Traceback (most recent call last):
  File "/Users/sonu/Desktop/nova2/reindex.py", line 39, in <module>
  File "/opt/miniconda3/envs/rag-st/lib/python3.11/site-packages/pymysql/cursors.py", line 153, in execute
    result = self._query(query)
             ^^^^^^^^^^^^^^^^^^
  File "/opt/miniconda3/envs/rag-st/lib/python3.11/site-packages/pymysql/cursors.py", line 322, in _query
    conn.query(q)
  File "/opt/miniconda3/envs/rag-st/lib/python3.11/site-packages/pymysql/connections.py", line 575, in query
    self._affected_rows = self._read_query_result(unbuffered=unbuffered)
                          ^^^^^^^^^^^^^^^^^^^^^^^^^^^^^^^^^^^^^^^^^^^^^^
  File "/opt/miniconda3/envs/rag-st/lib/python3.11/site-packages/pymysql/connections.py", line 826, in _read_query_result
    result.read()
  File "/opt/miniconda3/envs/rag-st/lib/python3.11/site-packages/pymysql/connections.py", line 1203, in read
    first_packet = self.connection._read_packet()
                   ^^^^^^^^^^^^^^^^^^^^^^^^^^^^^^
  File "/opt/miniconda3/envs/rag-st/lib/python3.11/site-packages/pymysql/connections.py", line 782, in _read_packet
    packet.raise_for_error()
  File "/opt/miniconda3/envs/rag-st/lib/python3.11/site-packages/pymysql/protocol.py", line 219, in raise_for_error
    err.raise_mysql_exception(self._data)
  File "/opt/miniconda3/envs/rag-st/lib/python3.11/site-packages/pymysql/err.py", line 150, in raise_mysql_exception
    raise errorclass(errno, errval)
pymysql.err.OperationalError: (1054, "Unknown column 'chunk_text' in 'field list'")

ERROR conda.cli.main_run:execute(127): `conda run python reindex.py` failed. (See above for error)
Clearing existing chunks...
✓ Cleared existing chunks

Re-ingesting documents...

Verifying Article 76...

